// Vitest Snapshot v1, https://vitest.dev/guide/snapshot.html

exports[`Tests for component TopicCard > should render TopicCard 1`] = `
<ForwardRef(Card)
  sx={
    {
      "alignItems": "center",
      "backgroundColor": "#66DB68",
      "border": 3,
      "borderRadius": 6,
      "display": "flex",
      "flexDirection": "column",
      "height": 184,
      "padding": 0,
      "width": 184,
    }
  }
  variant="outlined"
>
  <ForwardRef(CardContent)>
    <ForwardRef(Typography)
      component="div"
      variant="h6"
    >
      Test card
    </ForwardRef(Typography)>
  </ForwardRef(CardContent)>
  <Memo
    sx={
      {
        "fontSize": 64,
      }
    }
  />
  <ForwardRef(CardContent)
    className="text-center"
  >
    <ForwardRef(Typography)
      variant="body2"
    >
      Krever 
      ingen
       erfaring
    </ForwardRef(Typography)>
  </ForwardRef(CardContent)>
</ForwardRef(Card)>
`;
