// Vitest Snapshot v1, https://vitest.dev/guide/snapshot.html

exports[`Tests for Homepage component > should render Homepage 1`] = `
<div
  className="flex justify-center items-center flex-grow py-12"
>
  <ForwardRef(Grid)
    alignItems="center"
    container={true}
    justifyContent="center"
    spacing={2}
    style={
      {
        "maxWidth": "700px",
      }
    }
  >
    <ForwardRef(Grid)
      padding={3}
      size={
        {
          "md": 4,
          "sm": 4,
          "xs": 6,
        }
      }
    >
      <Link
        style={
          {
            "textDecoration": "none",
          }
        }
        to="/topic/?difficulty=ingen"
      >
        <TopicCard
          cardIcon={
            {
              "$$typeof": Symbol(react.memo),
              "compare": null,
              "type": {
                "$$typeof": Symbol(react.forward_ref),
                "render": [Function],
              },
            }
          }
          cardTitle="Insert title here"
          difficulty="ingen"
          size="medium"
        />
      </Link>
    </ForwardRef(Grid)>
    <ForwardRef(Grid)
      padding={3}
      size={
        {
          "md": 4,
          "sm": 4,
          "xs": 6,
        }
      }
    >
      <Link
        style={
          {
            "textDecoration": "none",
          }
        }
        to="/topic/?difficulty=litt"
      >
        <TopicCard
          cardIcon={
            {
              "$$typeof": Symbol(react.memo),
              "compare": null,
              "type": {
                "$$typeof": Symbol(react.forward_ref),
                "render": [Function],
              },
            }
          }
          cardTitle="Insert title here"
          difficulty="litt"
          size="medium"
        />
      </Link>
    </ForwardRef(Grid)>
    <ForwardRef(Grid)
      padding={3}
      size={
        {
          "md": 4,
          "sm": 4,
          "xs": 6,
        }
      }
    >
      <Link
        style={
          {
            "textDecoration": "none",
          }
        }
        to="/topic/?difficulty=mye"
      >
        <TopicCard
          cardIcon={
            {
              "$$typeof": Symbol(react.memo),
              "compare": null,
              "type": {
                "$$typeof": Symbol(react.forward_ref),
                "render": [Function],
              },
            }
          }
          cardTitle="Insert title here"
          difficulty="mye"
          size="medium"
        />
      </Link>
    </ForwardRef(Grid)>
    <ForwardRef(Grid)
      padding={3}
      size={
        {
          "md": 4,
          "sm": 4,
          "xs": 6,
        }
      }
    >
      <Link
        style={
          {
            "textDecoration": "none",
          }
        }
        to="/topic/?difficulty=ingen"
      >
        <TopicCard
          cardIcon={
            {
              "$$typeof": Symbol(react.memo),
              "compare": null,
              "type": {
                "$$typeof": Symbol(react.forward_ref),
                "render": [Function],
              },
            }
          }
          cardTitle="Insert title here"
          difficulty="ingen"
          size="medium"
        />
      </Link>
    </ForwardRef(Grid)>
    <ForwardRef(Grid)
      padding={3}
      size={
        {
          "md": 4,
          "sm": 4,
          "xs": 6,
        }
      }
    >
      <Link
        style={
          {
            "textDecoration": "none",
          }
        }
        to="/topic/?difficulty=litt"
      >
        <TopicCard
          cardIcon={
            {
              "$$typeof": Symbol(react.memo),
              "compare": null,
              "type": {
                "$$typeof": Symbol(react.forward_ref),
                "render": [Function],
              },
            }
          }
          cardTitle="Insert title here"
          difficulty="litt"
          size="medium"
        />
      </Link>
    </ForwardRef(Grid)>
    <ForwardRef(Grid)
      padding={3}
      size={
        {
          "md": 4,
          "sm": 4,
          "xs": 6,
        }
      }
    >
      <Link
        style={
          {
            "textDecoration": "none",
          }
        }
        to="/topic/?difficulty=mye"
      >
        <TopicCard
          cardIcon={
            {
              "$$typeof": Symbol(react.memo),
              "compare": null,
              "type": {
                "$$typeof": Symbol(react.forward_ref),
                "render": [Function],
              },
            }
          }
          cardTitle="Insert title here"
          difficulty="mye"
          size="medium"
        />
      </Link>
    </ForwardRef(Grid)>
  </ForwardRef(Grid)>
</div>
`;
