// Vitest Snapshot v1, https://vitest.dev/guide/snapshot.html

exports[`Tests for Homepage component > should render Homepage 1`] = `
<div
  className="flex justify-center items-center flex-grow py-12"
>
  <ForwardRef(Grid)
    alignItems="center"
    container={true}
    justifyContent="center"
    spacing={2}
    style={
      {
        "maxWidth": "700px",
      }
    }
  >
    <ForwardRef(Grid)
      padding={3}
      size={
        {
          "md": 4,
          "sm": 4,
          "xs": 6,
        }
      }
    >
      <TopicCard
        cardIcon={
          {
            "$$typeof": Symbol(react.memo),
            "compare": null,
            "type": {
              "$$typeof": Symbol(react.forward_ref),
              "render": [Function],
            },
          }
        }
        cardTitle="Insert title here"
        difficulty="ingen"
      />
    </ForwardRef(Grid)>
    <ForwardRef(Grid)
      padding={3}
      size={
        {
          "md": 4,
          "sm": 4,
          "xs": 6,
        }
      }
    >
      <TopicCard
        cardIcon={
          {
            "$$typeof": Symbol(react.memo),
            "compare": null,
            "type": {
              "$$typeof": Symbol(react.forward_ref),
              "render": [Function],
            },
          }
        }
        cardTitle="Insert title here"
        difficulty="litt"
      />
    </ForwardRef(Grid)>
    <ForwardRef(Grid)
      padding={3}
      size={
        {
          "md": 4,
          "sm": 4,
          "xs": 6,
        }
      }
    >
      <TopicCard
        cardIcon={
          {
            "$$typeof": Symbol(react.memo),
            "compare": null,
            "type": {
              "$$typeof": Symbol(react.forward_ref),
              "render": [Function],
            },
          }
        }
        cardTitle="Insert title here"
        difficulty="mye"
      />
    </ForwardRef(Grid)>
    <ForwardRef(Grid)
      padding={3}
      size={
        {
          "md": 4,
          "sm": 4,
          "xs": 6,
        }
      }
    >
      <TopicCard
        cardIcon={
          {
            "$$typeof": Symbol(react.memo),
            "compare": null,
            "type": {
              "$$typeof": Symbol(react.forward_ref),
              "render": [Function],
            },
          }
        }
        cardTitle="Insert title here"
        difficulty="ingen"
      />
    </ForwardRef(Grid)>
    <ForwardRef(Grid)
      padding={3}
      size={
        {
          "md": 4,
          "sm": 4,
          "xs": 6,
        }
      }
    >
      <TopicCard
        cardIcon={
          {
            "$$typeof": Symbol(react.memo),
            "compare": null,
            "type": {
              "$$typeof": Symbol(react.forward_ref),
              "render": [Function],
            },
          }
        }
        cardTitle="Insert title here"
        difficulty="litt"
      />
    </ForwardRef(Grid)>
    <ForwardRef(Grid)
      padding={3}
      size={
        {
          "md": 4,
          "sm": 4,
          "xs": 6,
        }
      }
    >
      <TopicCard
        cardIcon={
          {
            "$$typeof": Symbol(react.memo),
            "compare": null,
            "type": {
              "$$typeof": Symbol(react.forward_ref),
              "render": [Function],
            },
          }
        }
        cardTitle="Insert title here"
        difficulty="mye"
      />
    </ForwardRef(Grid)>
  </ForwardRef(Grid)>
</div>
`;
